[singaporegoldmart.com/index.html]
[backblue.gif]
[fade.gif]
[index.html]
[singaporegoldmart.com/template/front/ico/apple-touch-icon-144-precomposed.png]
[singaporegoldmart.com/uploads/others/favicon.png]
[www.google-analytics.com/analytics.js]
[singaporegoldmart.com/template/front/plugins/jquery/jquery-1.11.1.min.js]
[singaporegoldmart.com/template/front/css/others/megamenu/so_megamenu.js]
[singaporegoldmart.com/template/front/js/main.js]
[ajax.googleapis.com/ajax/libs/jquery/1.11.1/jquery.js]
[singaporegoldmart.com/home/checkout_new.html]
[singaporegoldmart.com/uploads/logo_image/logo_84.png]
[singaporegoldmart.com/images/special-offer.gif]
[singaporegoldmart.com/home/offers_product.html]
[singaporegoldmart.com/home.html]
[singaporegoldmart.com/home/category/0/0-0.html]
[singaporegoldmart.com/home/category/26.html]
[singaporegoldmart.com/home/category/28.html]
[singaporegoldmart.com/home/category/29.html]
[singaporegoldmart.com/home/category/30.html]
[singaporegoldmart.com/home/category/31.html]
[singaporegoldmart.com/home/category/32.html]
[singaporegoldmart.com/home/category/35.html]
[singaporegoldmart.com/home/category/36.html]
[singaporegoldmart.com/home/all_category.html]
[singaporegoldmart.com/home/others_product/todays_deal.html]
[singaporegoldmart.com/home/customized_order.html]
[singaporegoldmart.com/home/gallery.html]
[singaporegoldmart.com/home/contact.html]
[singaporegoldmart.com/home/top_bar_right.html]
[singaporegoldmart.com/template/front/layerslider/js/greensock.js]
[singaporegoldmart.com/template/front/layerslider/js/layerslider.transitions.js]
[singaporegoldmart.com/template/front/layerslider/js/layerslider.kreaturamedia.jquery.js]
[singaporegoldmart.com/uploads/slider_image/background_21.jpg]
[singaporegoldmart.com/uploads/slider_image/background_20.jpg]
[singaporegoldmart.com/uploads/slider_image/background_19.jpg]
[singaporegoldmart.com/uploads/slider_image/background_18.jpg]
[singaporegoldmart.com/uploads/slider_image/background_17.jpg]
[singaporegoldmart.com/uploads/slider_image/background_15.jpg]
[singaporegoldmart.com/demo/images/tvbg.png]
[singaporegoldmart.com/template/img/category.jpg]
[singaporegoldmart.com/uploads/home_page_video/hp_video_1603347938.mp4]
[singaporegoldmart.com/uploads/others/image_loading.gif]
[singaporegoldmart.com/home/product_view/121/Gold-Bar-100g.html]
[singaporegoldmart.com/home/product_view/114/FLOWER-PENDANT-892295gm.html]
[singaporegoldmart.com/home/product_view/120/Lakshmi-coin-0897-105-gm.html]
[singaporegoldmart.com/home/product_view/113/FLOWER-PENDANT-891235gm.html]
[singaporegoldmart.com/home/product_view/118/EYE-PENDANT-896135gm.html]
[singaporegoldmart.com/home/product_view/112/LEAF-PENDANT-890265gm.html]
[singaporegoldmart.com/home/product_view/117/EYE-PENDANT-895135gm.html]
[singaporegoldmart.com/home/product_view/111/LEAF-PENDANT-889275gm.html]
[singaporegoldmart.com/home/product_view/116/HEART-PENDANT-894155gm.html]
[singaporegoldmart.com/home/product_view/110/L-RING-888190gm.html]
[singaporegoldmart.com/home/product_view/115/HEART-PENDANT-893155gm.html]
[singaporegoldmart.com/home/product_view/109/L-RING-887280gm.html]
[singaporegoldmart.com/uploads/home_banner_image/home_banner_1600596755.jpg]
[singaporegoldmart.com/uploads/home_banner_image/home_banner_1600596756.jpg]
[singaporegoldmart.com/uploads/product_image/product_121_1_thumb.jpg]
[singaporegoldmart.com/uploads/product_image/product_120_1_thumb.jpg]
[singaporegoldmart.com/uploads/product_image/product_118_1_thumb.jpg]
[singaporegoldmart.com/uploads/product_image/product_117_1_thumb.jpg]
[singaporegoldmart.com/uploads/product_image/product_116_1_thumb.jpg]
[singaporegoldmart.com/uploads/product_image/product_115_1_thumb.jpg]
[singaporegoldmart.com/uploads/product_image/product_114_1_thumb.jpg]
[singaporegoldmart.com/uploads/product_image/product_113_1_thumb.jpg]
[singaporegoldmart.com/uploads/product_image/product_112_1_thumb.jpg]
[singaporegoldmart.com/uploads/product_image/product_111_1_thumb.jpg]
[singaporegoldmart.com/home/others_product/featured.html]
[singaporegoldmart.com/home/index.html]
[singaporegoldmart.com/uploads/others/ios-app.png]
[singaporegoldmart.com/home/contact/index.html]
[singaporegoldmart.com/uploads/others/android-app.png]
[singaporegoldmart.com/home/legal/terms_conditions.html]
[singaporegoldmart.com/uploads/others/payment.png]
[singaporegoldmart.com/template/front/plugins/zoome/zoome.js]
[singaporegoldmart.com/home/vendor_login_msg.html]
[singaporegoldmart.com/home/login_set/login.html]
[singaporegoldmart.com/template/front/js/ajax_method.js]
[singaporegoldmart.com/template/front/js/bootstrap-notify.min.js]
[singaporegoldmart.com/template/front/plugins/jquery-ui/jquery-ui.min.js]
[singaporegoldmart.com/template/front/plugins/bootstrap/js/bootstrap.min.js]
[singaporegoldmart.com/template/front/plugins/bootstrap-select/js/bootstrap-select.min.js]
[singaporegoldmart.com/template/front/plugins/superfish/js/superfish.min.js]
[singaporegoldmart.com/template/front/plugins/jquery.sticky.min.js]
[singaporegoldmart.com/template/front/plugins/jquery.easing.min.js]
[singaporegoldmart.com/template/front/plugins/jquery.smoothscroll.min.js]
[singaporegoldmart.com/template/front/plugins/smooth-scrollbar.min.js]
[singaporegoldmart.com/template/front/plugins/jquery.cookie.js]
[singaporegoldmart.com/template/front/plugins/modernizr.custom.js]
[singaporegoldmart.com/template/front/modal/js/jquery.active-modals.js]
[singaporegoldmart.com/template/front/js/theme.js]
[singaporegoldmart.com/template/front/rateit/jquery.rateit.min.js]
[singaporegoldmart.com/template/front/plugins/owl-carousel2/owl.carousel.min.js]
[singaporegoldmart.com/index.html]
[singaporegoldmart.com/template/front/plugins/bootstrap/fonts/glyphicons-halflings-regular.eot]
[singaporegoldmart.com/template/front/plugins/bootstrap/fonts/glyphicons-halflings-regulard41d.eot]
[singaporegoldmart.com/template/front/plugins/bootstrap/fonts/glyphicons-halflings-regular.woff2]
[singaporegoldmart.com/template/front/plugins/bootstrap/fonts/glyphicons-halflings-regular.woff]
[singaporegoldmart.com/template/front/plugins/bootstrap/fonts/glyphicons-halflings-regular.ttf]
[singaporegoldmart.com/template/front/plugins/bootstrap/css/bootstrap.min.css]
[singaporegoldmart.com/template/front/plugins/bootstrap-select/css/bootstrap-select.min.css]
[singaporegoldmart.com/template/front/plugins/fontawesome/fonts/fontawesome-webfont3e6e.eot]
[singaporegoldmart.com/template/front/plugins/fontawesome/fonts/fontawesome-webfontd41d.eot]
[singaporegoldmart.com/template/front/plugins/fontawesome/fonts/fontawesome-webfont3e6e.woff2]
[singaporegoldmart.com/template/front/plugins/fontawesome/fonts/fontawesome-webfont3e6e.woff]
[singaporegoldmart.com/template/front/plugins/fontawesome/fonts/fontawesome-webfont3e6e.ttf]
[singaporegoldmart.com/template/front/plugins/fontawesome/css/font-awesome.min.css]
[singaporegoldmart.com/template/front/plugins/animate/animate.min.css]
[singaporegoldmart.com/template/front/plugins/jquery-ui/images/ui-bg_highlight-soft_100_eeeeee_1x100.png]
[singaporegoldmart.com/template/front/plugins/jquery-ui/images/ui-bg_gloss-wave_35_f6a828_500x100.png]
[singaporegoldmart.com/template/front/plugins/jquery-ui/images/ui-bg_glass_100_f6f6f6_1x400.png]
[singaporegoldmart.com/template/front/plugins/jquery-ui/images/ui-bg_glass_100_fdf5ce_1x400.png]
[singaporegoldmart.com/template/front/plugins/jquery-ui/images/ui-bg_glass_65_ffffff_1x400.png]
[singaporegoldmart.com/template/front/plugins/jquery-ui/images/ui-bg_highlight-soft_75_ffe45c_1x100.png]
[singaporegoldmart.com/template/front/plugins/jquery-ui/images/ui-bg_diagonals-thick_18_b81900_40x40.png]
[singaporegoldmart.com/template/front/plugins/jquery-ui/images/ui-icons_222222_256x240.png]
[singaporegoldmart.com/template/front/plugins/jquery-ui/images/ui-icons_ffffff_256x240.png]
[singaporegoldmart.com/template/front/plugins/jquery-ui/images/ui-icons_ef8c08_256x240.png]
[singaporegoldmart.com/template/front/plugins/jquery-ui/images/ui-icons_228ef1_256x240.png]
[singaporegoldmart.com/template/front/plugins/jquery-ui/images/ui-icons_ffd27a_256x240.png]
[singaporegoldmart.com/template/front/plugins/jquery-ui/images/ui-bg_diagonals-thick_20_666666_40x40.png]
[singaporegoldmart.com/template/front/plugins/jquery-ui/images/ui-bg_flat_10_000000_40x100.png]
[singaporegoldmart.com/template/front/plugins/jquery-ui/jquery-ui.min.css]
[singaporegoldmart.com/template/front/modal/css/sm.css]
[singaporegoldmart.com/template/front/rateit/star.gif]
[singaporegoldmart.com/template/front/rateit/delete.gif]
[singaporegoldmart.com/template/front/rateit/rateit.css]
[singaporegoldmart.com/template/front/img/bg.png]
[singaporegoldmart.com/demo/images/offer.png]
[singaporegoldmart.com/images/menubg.jpg]
[singaporegoldmart.com/images/menubg3.jpg]
[singaporegoldmart.com/template/front/img/preview/slider/slide-3.jpg]
[singaporegoldmart.com/template/assets/img/overlay-banner.html]
[singaporegoldmart.com/images/footerbg.jpg]
[singaporegoldmart.com/draft/uploads/others/sold.png]
[singaporegoldmart.com/template/front/css/theme.css]
[singaporegoldmart.com/template/front/css/theme-maroon-2.css]
[singaporegoldmart.com/template/front/plugins/smedia/custom-1.css]
[singaporegoldmart.com/template/front/plugins/owl-carousel2/assets/owl.video.play.png]
[singaporegoldmart.com/template/front/plugins/owl-carousel2/assets/owl.carousel.min.css]
[singaporegoldmart.com/template/front/plugins/owl-carousel2/assets/owl.theme.default.min.css]
[singaporegoldmart.com/template/front/css/others/side_menu.png]
[singaporegoldmart.com/template/front/css/others/megamenu/theme-red.css]
[singaporegoldmart.com/template/front/css/others/megamenu/so_megamenu.css]
[singaporegoldmart.com/template/front/css/others/megamenu/responsive.css]
[singaporegoldmart.com/template/front/css/main.css]
[singaporegoldmart.com/template/front/css/others/images/icon/btn-menu-mobile.html]
[singaporegoldmart.com/template/front/preloader/css/Icomoon/icomoon.eot]
[singaporegoldmart.com/template/front/preloader/css/Icomoon/icomoond41d.eot]
[singaporegoldmart.com/template/front/preloader/css/Icomoon/icomoon.woff]
[singaporegoldmart.com/template/front/preloader/css/Icomoon/icomoon.ttf]
[singaporegoldmart.com/template/front/preloader/css/Icomoon/style.css]
[singaporegoldmart.com/home/checkout_new.html]
[singaporegoldmart.com/home/offers_product.html]
[singaporegoldmart.com/home.html]
[singaporegoldmart.com/uploads/product_image/product_110_1_thumb.jpg]
[singaporegoldmart.com/uploads/product_image/product_109_1_thumb.jpg]
[singaporegoldmart.com/template/front/img/icon-grid.png]
[singaporegoldmart.com/template/front/img/icon-list.png]
[singaporegoldmart.com/home/category/0/0-0.html]
[singaporegoldmart.com/home/category/26.html]
[activeitzone.com/check/shop.9c.delayed]
[singaporegoldmart.com/home/category/28.html]
[singaporegoldmart.com/home/category/29.html]
[singaporegoldmart.com/home/category/30.html]
[singaporegoldmart.com/home/category/31.html]
[singaporegoldmart.com/home/category/32.html]
[singaporegoldmart.com/home/category/35.html]
[singaporegoldmart.com/home/category/36.html]
[singaporegoldmart.com/home/category/26/118.html]
[singaporegoldmart.com/home/category/26/129.html]
[singaporegoldmart.com/home/category/26/130.html]
[singaporegoldmart.com/home/category/26/131.html]
[singaporegoldmart.com/home/category/28/120.html]
[singaporegoldmart.com/home/category/28/121.html]
[singaporegoldmart.com/home/category/29/123.html]
[singaporegoldmart.com/home/category/29/125.html]
[singaporegoldmart.com/home/category/30/127.html]
[singaporegoldmart.com/home/category/30/128.html]
[singaporegoldmart.com/home/category/31/132.html]
[singaporegoldmart.com/home/category/32/133.html]
[singaporegoldmart.com/home/category/35/134.html]
[singaporegoldmart.com/home/all_category.html]
[singaporegoldmart.com/home/others_product/todays_deal.html]
[singaporegoldmart.com/home/category/36/135.html]
[singaporegoldmart.com/uploads/cust_category_image/cust_category_40.jpg]
[singaporegoldmart.com/home/customized_order/category/40.html]
[singaporegoldmart.com/uploads/cust_category_image/cust_category_25.jpg]
[singaporegoldmart.com/home/customized_order/category/25.html]
[singaporegoldmart.com/home/customized_order/category/28.html]
[singaporegoldmart.com/uploads/cust_category_image/cust_category_28.jpg]
[singaporegoldmart.com/home/customized_order/category/29.html]
[singaporegoldmart.com/uploads/cust_category_image/cust_category_29.jpg]
[singaporegoldmart.com/home/customized_order/category/31.html]
[singaporegoldmart.com/uploads/cust_category_image/cust_category_31.jpg]
[singaporegoldmart.com/uploads/cust_category_image/cust_category_39.jpg]
[singaporegoldmart.com/home/customized_order/category/39.html]
[singaporegoldmart.com/uploads/cust_category_image/cust_category_32.jpg]
[singaporegoldmart.com/home/customized_order/category/32.html]
[singaporegoldmart.com/uploads/cust_category_image/cust_category_33.jpg]
[singaporegoldmart.com/home/customized_order/category/33.html]
[singaporegoldmart.com/uploads/cust_category_image/cust_category_34.jpg]
[singaporegoldmart.com/home/customized_order/category/34.html]
[singaporegoldmart.com/uploads/cust_category_image/cust_category_35.jpg]
[singaporegoldmart.com/home/customized_order/category/35.html]
[singaporegoldmart.com/uploads/cust_category_image/cust_category_36.jpg]
[singaporegoldmart.com/home/customized_order/category/36.html]
[singaporegoldmart.com/uploads/cust_category_image/cust_category_37.png]
[singaporegoldmart.com/home/customized_order/category/37.html]
[singaporegoldmart.com/uploads/cust_category_image/cust_category_38.jpg]
[singaporegoldmart.com/home/customized_order.html]
[singaporegoldmart.com/home/customized_order/category/38.html]
[cdnjs.cloudflare.com/ajax/libs/nanogallery/5.10.3/css/nanogallery.min.css]
[singaporegoldmart.com/home/gallery.html]
[cdnjs.cloudflare.com/ajax/libs/nanogallery/5.10.3/jquery.nanogallery.min.js]
[singaporegoldmart.com/uploads/others/map-sg.jpg]
[singaporegoldmart.com/template/front/js/theme-ajax-mail.js]
[singaporegoldmart.com/home/contact.html]
[singaporegoldmart.com/home/top_bar_right.html]
[singaporegoldmart.com/template/front/layerslider/css/blank.gif]
[singaporegoldmart.com/template/front/layerslider/css/layerslider.css]
[singaporegoldmart.com/home/login_set/registration.html]
[singaporegoldmart.com/uploads/product_image/product_121_1.jpg]
[singaporegoldmart.com/home/product_view/121.html]
[singaporegoldmart.com/template/front/js/share/jquery.share.js]
[singaporegoldmart.com/template/zoom/jzoo.js]
[singaporegoldmart.com/home/product_view/121/Gold-Bar-100g.html]
[singaporegoldmart.com/uploads/product_image/product_114_1.jpg]
[singaporegoldmart.com/home/product_view/114.html]
[singaporegoldmart.com/uploads/product_image/product_114_2_thumb.jpg]
[singaporegoldmart.com/uploads/product_image/product_114_3_thumb.jpg]
[singaporegoldmart.com/uploads/product_image/product_114_4_thumb.jpg]
[singaporegoldmart.com/uploads/product_image/product_114_5_thumb.jpg]
[singaporegoldmart.com/home/product_view/114/FLOWER-PENDANT-892295gm.html]
[singaporegoldmart.com/uploads/product_image/product_120_1.jpg]
[singaporegoldmart.com/home/product_view/120.html]
[singaporegoldmart.com/uploads/product_image/product_120_2_thumb.jpg]
[singaporegoldmart.com/uploads/product_image/product_120_3_thumb.jpg]
[singaporegoldmart.com/uploads/product_image/product_120_4_thumb.jpg]
[singaporegoldmart.com/home/product_view/120/Lakshmi-coin-0897-105-gm.html]
[singaporegoldmart.com/uploads/product_image/product_113_1.jpg]
[singaporegoldmart.com/home/product_view/113.html]
[singaporegoldmart.com/uploads/product_image/product_113_2_thumb.jpg]
[singaporegoldmart.com/uploads/product_image/product_113_3_thumb.jpg]
[singaporegoldmart.com/uploads/product_image/product_113_4_thumb.jpg]
[singaporegoldmart.com/uploads/product_image/product_113_5_thumb.jpg]
[singaporegoldmart.com/home/product_view/113/FLOWER-PENDANT-891235gm.html]
[singaporegoldmart.com/uploads/product_image/product_118_1.jpg]
[singaporegoldmart.com/home/product_view/118.html]
[singaporegoldmart.com/uploads/product_image/product_118_2_thumb.jpg]
[singaporegoldmart.com/uploads/product_image/product_118_3_thumb.jpg]
[singaporegoldmart.com/uploads/product_image/product_118_4_thumb.jpg]
[singaporegoldmart.com/uploads/product_image/product_118_5_thumb.jpg]
[singaporegoldmart.com/home/product_view/118/EYE-PENDANT-896135gm.html]
[singaporegoldmart.com/uploads/product_image/product_112_1.jpg]
[singaporegoldmart.com/uploads/product_image/product_112_2_thumb.jpg]
[singaporegoldmart.com/home/product_view/112.html]
[singaporegoldmart.com/uploads/product_image/product_112_3_thumb.jpg]
[singaporegoldmart.com/uploads/product_image/product_112_4_thumb.jpg]
[singaporegoldmart.com/uploads/product_image/product_112_5_thumb.jpg]
[singaporegoldmart.com/home/product_view/112/LEAF-PENDANT-890265gm.html]
[singaporegoldmart.com/uploads/product_image/product_117_1.jpg]
[singaporegoldmart.com/home/product_view/117.html]
[singaporegoldmart.com/uploads/product_image/product_117_2_thumb.jpg]
[singaporegoldmart.com/uploads/product_image/product_117_3_thumb.jpg]
[singaporegoldmart.com/uploads/product_image/product_117_4_thumb.jpg]
[singaporegoldmart.com/uploads/product_image/product_117_5_thumb.jpg]
[singaporegoldmart.com/home/product_view/117/EYE-PENDANT-895135gm.html]
[singaporegoldmart.com/uploads/product_image/product_111_1.jpg]
[singaporegoldmart.com/home/product_view/111.html]
[singaporegoldmart.com/uploads/product_image/product_111_2_thumb.jpg]
[singaporegoldmart.com/uploads/product_image/product_111_3_thumb.jpg]
[singaporegoldmart.com/uploads/product_image/product_111_4_thumb.jpg]
[singaporegoldmart.com/uploads/product_image/product_111_5_thumb.jpg]
[singaporegoldmart.com/home/product_view/111/LEAF-PENDANT-889275gm.html]
[singaporegoldmart.com/uploads/product_image/product_116_1.jpg]
[singaporegoldmart.com/home/product_view/116.html]
[singaporegoldmart.com/uploads/product_image/product_116_2_thumb.jpg]
[singaporegoldmart.com/uploads/product_image/product_116_3_thumb.jpg]
[singaporegoldmart.com/uploads/product_image/product_116_4_thumb.jpg]
[singaporegoldmart.com/uploads/product_image/product_116_5_thumb.jpg]
[singaporegoldmart.com/home/product_view/116/HEART-PENDANT-894155gm.html]
[singaporegoldmart.com/uploads/product_image/product_110_1.jpg]
[singaporegoldmart.com/home/product_view/110.html]
[singaporegoldmart.com/uploads/product_image/product_110_2_thumb.jpg]
[singaporegoldmart.com/uploads/product_image/product_108_1_thumb.jpg]
[singaporegoldmart.com/home/product_view/108/L-RING-886230gm.html]
[singaporegoldmart.com/uploads/product_image/product_107_1_thumb.jpg]
[singaporegoldmart.com/home/product_view/107/L-RING-885215gm.html]
[singaporegoldmart.com/uploads/product_image/product_106_1_thumb.jpg]
[singaporegoldmart.com/home/product_view/106/L-RING-884230gm.html]
[singaporegoldmart.com/uploads/product_image/product_105_1_thumb.jpg]
[singaporegoldmart.com/home/product_view/105/L-RING-883160gm.html]
[singaporegoldmart.com/uploads/product_image/product_104_1_thumb.jpg]
[singaporegoldmart.com/home/product_view/104/L-RING-882210gm.html]
[singaporegoldmart.com/uploads/product_image/product_69_1_thumb.jpg]
[singaporegoldmart.com/home/product_view/69/RUBY-DIAMOND-475353gm.html]
[singaporegoldmart.com/uploads/product_image/product_68_1_thumb.jpg]
[singaporegoldmart.com/home/product_view/68/MOON-STONE-495432gm.html]
[singaporegoldmart.com/uploads/product_image/product_67_1_thumb.jpg]
[singaporegoldmart.com/home/product_view/67/PEARL-WITH-DMND-470528gm.html]
[singaporegoldmart.com/uploads/product_image/product_66_1_thumb.jpg]
[singaporegoldmart.com/home/product_view/66/PEARL-WITH-DMND-469300gm.html]
[singaporegoldmart.com/home/product_view/65/YELLOW-SAPPHIRE-484358gm.html]
[singaporegoldmart.com/uploads/product_image/product_65_1_thumb.jpg]
[singaporegoldmart.com/uploads/product_image/product_64_1_thumb.jpg]
[singaporegoldmart.com/home/product_view/110/L-RING-888190gm.html]
[singaporegoldmart.com/home/product_view/64/GARNET-STONE-503361gm.html]
[singaporegoldmart.com/uploads/product_image/product_115_1.jpg]
[singaporegoldmart.com/home/product_view/115.html]
[singaporegoldmart.com/uploads/product_image/product_115_2_thumb.jpg]
[singaporegoldmart.com/uploads/product_image/product_115_3_thumb.jpg]
[singaporegoldmart.com/uploads/product_image/product_115_4_thumb.jpg]
[singaporegoldmart.com/uploads/product_image/product_115_5_thumb.jpg]
[singaporegoldmart.com/home/product_view/115/HEART-PENDANT-893155gm.html]
[singaporegoldmart.com/uploads/product_image/product_109_1.jpg]
[singaporegoldmart.com/home/product_view/109.html]
[singaporegoldmart.com/uploads/product_image/product_109_2_thumb.jpg]
[singaporegoldmart.com/uploads/product_image/product_109_3_thumb.jpg]
[singaporegoldmart.com/uploads/product_image/product_109_4_thumb.jpg]
[singaporegoldmart.com/uploads/product_image/product_109_5_thumb.jpg]
[singaporegoldmart.com/home/product_view/109/L-RING-887280gm.html]
[singaporegoldmart.com/home/index.html]
[singaporegoldmart.com/home/others_product/featured.html]
[singaporegoldmart.com/home/contact/index.html]
[singaporegoldmart.com/home/legal/terms_conditions.html]
[singaporegoldmart.com/template/front/plugins/zoome/css/trans_bg.png]
[singaporegoldmart.com/template/front/plugins/zoome/css/zoome-min.css]
[singaporegoldmart.com/home/vendor_login_msg.html]
[singaporegoldmart.com/home/login_set/login.html]
[singaporegoldmart.com/template/front/plugins/bootstrap/fonts/glyphicons-halflings-regular.svg]
[singaporegoldmart.com/template/front/plugins/fontawesome/fonts/fontawesome-webfont3e6e.svg]
[singaporegoldmart.com/template/assets/img/overlay-banner.html]
[singaporegoldmart.com/template/front/css/others/images/icon/btn-menu-mobile.html]
[singaporegoldmart.com/template/front/preloader/css/Icomoon/icomoon.svg]
[activeitzone.com/check/shop.html]
[singaporegoldmart.com/home/category/26/118.html]
[singaporegoldmart.com/home/category/26/129.html]
[singaporegoldmart.com/home/category/26/130.html]
[singaporegoldmart.com/home/category/26/131.html]
[singaporegoldmart.com/home/category/28/120.html]
[singaporegoldmart.com/home/category/28/121.html]
[singaporegoldmart.com/home/category/29/123.html]
[singaporegoldmart.com/home/category/29/125.html]
[singaporegoldmart.com/home/category/30/127.html]
[singaporegoldmart.com/vendor.html]
[singaporegoldmart.com/home/category/30/128.html]
[singaporegoldmart.com/home/category/31/132.html]
[singaporegoldmart.com/home/category/32/133.html]
[singaporegoldmart.com/home/category/35/134.html]
[singaporegoldmart.com/home/category/36/135.html]
[singaporegoldmart.com/home/customized_order/items/40/164.html]
[singaporegoldmart.com/uploads/cust_product_image/cust_product_164_1.jpg]
[singaporegoldmart.com/home/customized_order/items/40/165.html]
[singaporegoldmart.com/uploads/cust_product_image/cust_product_165_1.jpg]
[singaporegoldmart.com/home/customized_order/items/40/157.html]
[singaporegoldmart.com/uploads/cust_product_image/cust_product_157_1.jpg]
[singaporegoldmart.com/home/customized_order/items/40/158.html]
[singaporegoldmart.com/uploads/cust_product_image/cust_product_158_1.jpg]
[singaporegoldmart.com/uploads/cust_product_image/cust_product_159_1.jpg]
[singaporegoldmart.com/home/customized_order/items/40/159.html]
[singaporegoldmart.com/uploads/cust_product_image/cust_product_160_1.jpg]
[singaporegoldmart.com/home/customized_order/items/40/160.html]
[singaporegoldmart.com/home/customized_order/items/40/161.html]
[singaporegoldmart.com/uploads/cust_product_image/cust_product_161_1.jpg]
[singaporegoldmart.com/uploads/cust_product_image/cust_product_162_1.jpg]
[singaporegoldmart.com/home/customized_order/items/40/162.html]
[singaporegoldmart.com/home/customized_order/items/40/163.html]
[singaporegoldmart.com/uploads/cust_product_image/cust_product_163_1.jpg]
[singaporegoldmart.com/uploads/cust_product_image/cust_product_156_1.jpg]
[singaporegoldmart.com/home/customized_order/category/40.html]
[singaporegoldmart.com/home/customized_order/items/40/156.html]
[singaporegoldmart.com/home/customized_order/items/25/119.html]
[singaporegoldmart.com/uploads/cust_product_image/cust_product_119_1.jpg]
[singaporegoldmart.com/uploads/cust_product_image/cust_product_120_1.jpg]
[singaporegoldmart.com/home/customized_order/items/25/120.html]
[singaporegoldmart.com/uploads/cust_product_image/cust_product_121_1.jpg]
[singaporegoldmart.com/home/customized_order/items/25/121.html]
[singaporegoldmart.com/uploads/cust_product_image/cust_product_122_1.jpg]
[singaporegoldmart.com/home/customized_order/items/25/122.html]
[singaporegoldmart.com/home/customized_order/items/25/123.html]
[singaporegoldmart.com/uploads/cust_product_image/cust_product_123_1.jpg]
[singaporegoldmart.com/uploads/cust_product_image/cust_product_124_1.jpg]
[singaporegoldmart.com/home/customized_order/items/25/124.html]
[singaporegoldmart.com/uploads/cust_product_image/cust_product_125_1.jpg]
[singaporegoldmart.com/home/customized_order/items/25/125.html]
[singaporegoldmart.com/home/customized_order/items/25/116.html]
[singaporegoldmart.com/uploads/cust_product_image/cust_product_116_1.jpg]
[singaporegoldmart.com/home/customized_order/items/25/117.html]
[singaporegoldmart.com/uploads/cust_product_image/cust_product_117_1.jpg]
[singaporegoldmart.com/home/customized_order/category/25.html]
[singaporegoldmart.com/uploads/cust_product_image/cust_product_118_1.jpg]
[singaporegoldmart.com/home/customized_order/items/25/118.html]
[singaporegoldmart.com/uploads/cust_product_image/cust_product_131_1.jpg]
[singaporegoldmart.com/home/customized_order/items/28/131.html]
[singaporegoldmart.com/uploads/cust_product_image/cust_product_132_1.jpg]
[singaporegoldmart.com/home/customized_order/items/28/132.html]
[singaporegoldmart.com/uploads/cust_product_image/cust_product_133_1.jpg]
[singaporegoldmart.com/home/customized_order/items/28/133.html]
[singaporegoldmart.com/uploads/cust_product_image/cust_product_134_1.jpg]
[singaporegoldmart.com/home/customized_order/items/28/134.html]
[singaporegoldmart.com/home/customized_order/items/28/135.html]
[singaporegoldmart.com/uploads/cust_product_image/cust_product_135_1.jpg]
[singaporegoldmart.com/uploads/cust_product_image/cust_product_126_1.jpg]
[singaporegoldmart.com/home/customized_order/items/28/126.html]
[singaporegoldmart.com/home/customized_order/items/28/127.html]
[singaporegoldmart.com/uploads/cust_product_image/cust_product_127_1.jpg]
[singaporegoldmart.com/uploads/cust_product_image/cust_product_128_1.jpg]
[singaporegoldmart.com/home/customized_order/items/28/128.html]
[singaporegoldmart.com/uploads/cust_product_image/cust_product_129_1.jpg]
[singaporegoldmart.com/home/customized_order/items/28/129.html]
[singaporegoldmart.com/uploads/cust_product_image/cust_product_130_1.jpg]
[singaporegoldmart.com/home/customized_order/category/28.html]
[singaporegoldmart.com/home/customized_order/items/28/130.html]
[singaporegoldmart.com/home/customized_order/items/29/144.html]
[singaporegoldmart.com/uploads/cust_product_image/cust_product_144_1.jpg]
[singaporegoldmart.com/home/customized_order/items/29/145.html]
[singaporegoldmart.com/uploads/cust_product_image/cust_product_145_1.jpg]
[singaporegoldmart.com/uploads/cust_product_image/cust_product_138_1.jpg]
[singaporegoldmart.com/home/customized_order/items/29/138.html]
[singaporegoldmart.com/uploads/cust_product_image/cust_product_139_1.jpg]
[singaporegoldmart.com/home/customized_order/items/29/139.html]
[singaporegoldmart.com/home/customized_order/items/29/140.html]
[singaporegoldmart.com/uploads/cust_product_image/cust_product_140_1.jpg]
[singaporegoldmart.com/uploads/cust_product_image/cust_product_141_1.jpg]
[singaporegoldmart.com/home/customized_order/items/29/141.html]
[singaporegoldmart.com/uploads/cust_product_image/cust_product_142_1.jpg]
[singaporegoldmart.com/home/customized_order/items/29/142.html]
[singaporegoldmart.com/uploads/cust_product_image/cust_product_143_1.jpg]
[singaporegoldmart.com/home/customized_order/items/29/143.html]
[singaporegoldmart.com/uploads/cust_product_image/cust_product_136_1.jpg]
[singaporegoldmart.com/home/customized_order/items/29/136.html]
[singaporegoldmart.com/uploads/cust_product_image/cust_product_137_1.jpg]
[singaporegoldmart.com/home/customized_order/category/29.html]
[singaporegoldmart.com/home/customized_order/items/29/137.html]
[singaporegoldmart.com/home/customized_order/items/31/31.html]
[singaporegoldmart.com/uploads/cust_product_image/cust_product_31_1.jpg]
[singaporegoldmart.com/uploads/cust_product_image/cust_product_32_1.jpg]
[singaporegoldmart.com/home/customized_order/items/31/32.html]
[singaporegoldmart.com/uploads/cust_product_image/cust_product_33_1.jpg]
[singaporegoldmart.com/home/customized_order/items/31/33.html]
[singaporegoldmart.com/uploads/cust_product_image/cust_product_34_1.jpg]
[singaporegoldmart.com/home/customized_order/items/31/34.html]
[singaporegoldmart.com/home/customized_order/items/31/35.html]
[singaporegoldmart.com/uploads/cust_product_image/cust_product_35_1.jpg]
[singaporegoldmart.com/uploads/cust_product_image/cust_product_36_1.jpg]
[singaporegoldmart.com/home/customized_order/items/31/36.html]
[singaporegoldmart.com/home/customized_order/items/31/37.html]
[singaporegoldmart.com/uploads/cust_product_image/cust_product_37_1.jpg]
[singaporegoldmart.com/uploads/cust_product_image/cust_product_38_1.jpg]
[singaporegoldmart.com/home/customized_order/items/31/38.html]
[singaporegoldmart.com/uploads/cust_product_image/cust_product_39_1.jpg]
[singaporegoldmart.com/home/customized_order/items/31/39.html]
[singaporegoldmart.com/home/customized_order/items/31/40.html]
[singaporegoldmart.com/uploads/cust_product_image/cust_product_40_1.jpg]
[singaporegoldmart.com/home/customized_order/category/31.html]
[singaporegoldmart.com/uploads/cust_product_image/cust_product_152_1.jpg]
[singaporegoldmart.com/home/customized_order/items/39/152.html]
[singaporegoldmart.com/uploads/cust_product_image/cust_product_153_1.jpg]
[singaporegoldmart.com/home/customized_order/items/39/153.html]
[singaporegoldmart.com/home/customized_order/items/39/154.html]
[singaporegoldmart.com/uploads/cust_product_image/cust_product_154_1.jpg]
[singaporegoldmart.com/home/customized_order/items/39/155.html]
[singaporegoldmart.com/uploads/cust_product_image/cust_product_155_1.jpg]
[singaporegoldmart.com/home/customized_order/items/39/149.html]
[singaporegoldmart.com/uploads/cust_product_image/cust_product_149_1.jpg]
[singaporegoldmart.com/uploads/cust_product_image/cust_product_150_1.jpg]
[singaporegoldmart.com/home/customized_order/items/39/150.html]
[singaporegoldmart.com/home/customized_order/items/39/151.html]
[singaporegoldmart.com/uploads/cust_product_image/cust_product_151_1.jpg]
[singaporegoldmart.com/home/customized_order/items/39/146.html]
[singaporegoldmart.com/uploads/cust_product_image/cust_product_146_1.jpg]
[singaporegoldmart.com/home/customized_order/items/39/147.html]
[singaporegoldmart.com/uploads/cust_product_image/cust_product_147_1.jpg]
[singaporegoldmart.com/uploads/cust_product_image/cust_product_148_1.jpg]
[singaporegoldmart.com/home/customized_order/category/39.html]
[singaporegoldmart.com/home/customized_order/items/39/148.html]
[singaporegoldmart.com/home/customized_order/items/32/41.html]
[singaporegoldmart.com/uploads/cust_product_image/cust_product_41_1.jpg]
[singaporegoldmart.com/uploads/cust_product_image/cust_product_42_1.jpg]
[singaporegoldmart.com/home/customized_order/items/32/42.html]
[singaporegoldmart.com/uploads/cust_product_image/cust_product_43_1.jpg]
[singaporegoldmart.com/home/customized_order/items/32/43.html]
[singaporegoldmart.com/home/customized_order/items/32/44.html]
[singaporegoldmart.com/uploads/cust_product_image/cust_product_44_1.jpg]
[singaporegoldmart.com/uploads/cust_product_image/cust_product_45_1.jpg]
[singaporegoldmart.com/home/customized_order/items/32/45.html]
[singaporegoldmart.com/uploads/cust_product_image/cust_product_46_1.jpg]
[singaporegoldmart.com/home/customized_order/items/32/46.html]
[singaporegoldmart.com/uploads/cust_product_image/cust_product_47_1.jpg]
[singaporegoldmart.com/home/customized_order/items/32/47.html]
[singaporegoldmart.com/uploads/cust_product_image/cust_product_48_1.jpg]
[singaporegoldmart.com/home/customized_order/items/32/48.html]
[singaporegoldmart.com/uploads/cust_product_image/cust_product_49_1.jpg]
[singaporegoldmart.com/home/customized_order/items/32/49.html]
[singaporegoldmart.com/uploads/cust_product_image/cust_product_50_1.jpg]
[singaporegoldmart.com/home/customized_order/category/32.html]
[singaporegoldmart.com/home/customized_order/items/32/50.html]
[singaporegoldmart.com/home/customized_order/items/33/51.html]
[singaporegoldmart.com/uploads/cust_product_image/cust_product_51_1.jpg]
[singaporegoldmart.com/home/customized_order/items/33/52.html]
[singaporegoldmart.com/uploads/cust_product_image/cust_product_52_1.jpg]
[singaporegoldmart.com/uploads/cust_product_image/cust_product_53_1.jpg]
[singaporegoldmart.com/home/customized_order/items/33/53.html]
[singaporegoldmart.com/uploads/cust_product_image/cust_product_54_1.jpg]
[singaporegoldmart.com/home/customized_order/items/33/54.html]
[singaporegoldmart.com/home/customized_order/items/33/55.html]
[singaporegoldmart.com/uploads/cust_product_image/cust_product_55_1.jpg]
[singaporegoldmart.com/home/customized_order/items/33/56.html]
[singaporegoldmart.com/uploads/cust_product_image/cust_product_56_1.jpg]
[singaporegoldmart.com/home/customized_order/items/33/57.html]
[singaporegoldmart.com/uploads/cust_product_image/cust_product_57_1.jpg]
[singaporegoldmart.com/uploads/cust_product_image/cust_product_58_1.jpg]
[singaporegoldmart.com/home/customized_order/items/33/58.html]
[singaporegoldmart.com/home/customized_order/items/33/59.html]
[singaporegoldmart.com/uploads/cust_product_image/cust_product_59_1.jpg]
[singaporegoldmart.com/home/customized_order/items/33/60.html]
[singaporegoldmart.com/uploads/cust_product_image/cust_product_60_1.jpg]
[singaporegoldmart.com/home/customized_order/category/33.html]
[singaporegoldmart.com/uploads/cust_product_image/cust_product_61_1.jpg]
[singaporegoldmart.com/home/customized_order/items/34/61.html]
[singaporegoldmart.com/uploads/cust_product_image/cust_product_62_1.jpg]
[singaporegoldmart.com/home/customized_order/items/34/62.html]
[singaporegoldmart.com/home/customized_order/items/34/67.html]
[singaporegoldmart.com/uploads/cust_product_image/cust_product_67_1.jpg]
[singaporegoldmart.com/home/customized_order/items/34/68.html]
[singaporegoldmart.com/uploads/cust_product_image/cust_product_68_1.jpg]
[singaporegoldmart.com/uploads/cust_product_image/cust_product_69_1.jpg]
[singaporegoldmart.com/home/customized_order/items/34/69.html]
[singaporegoldmart.com/home/customized_order/items/34/70.html]
[singaporegoldmart.com/uploads/cust_product_image/cust_product_70_1.jpg]
[singaporegoldmart.com/uploads/cust_product_image/cust_product_71_1.jpg]
[singaporegoldmart.com/home/customized_order/items/34/71.html]
[singaporegoldmart.com/uploads/cust_product_image/cust_product_72_1.jpg]
[singaporegoldmart.com/home/customized_order/items/34/72.html]
[singaporegoldmart.com/home/customized_order/items/34/73.html]
[singaporegoldmart.com/uploads/cust_product_image/cust_product_73_1.jpg]
[singaporegoldmart.com/uploads/cust_product_image/cust_product_74_1.jpg]
[singaporegoldmart.com/home/customized_order/category/34.html]
[singaporegoldmart.com/home/customized_order/items/34/74.html]
[singaporegoldmart.com/uploads/cust_product_image/cust_product_63_1.jpg]
[singaporegoldmart.com/home/customized_order/items/35/63.html]
[singaporegoldmart.com/uploads/cust_product_image/cust_product_64_1.jpg]
[singaporegoldmart.com/home/customized_order/items/35/64.html]
[singaporegoldmart.com/home/customized_order/items/35/75.html]
[singaporegoldmart.com/uploads/cust_product_image/cust_product_75_1.jpg]
[singaporegoldmart.com/home/customized_order/items/35/76.html]
[singaporegoldmart.com/uploads/cust_product_image/cust_product_76_1.jpg]
[singaporegoldmart.com/uploads/cust_product_image/cust_product_77_1.jpg]
[singaporegoldmart.com/home/customized_order/items/35/77.html]
[singaporegoldmart.com/uploads/cust_product_image/cust_product_78_1.jpg]
[singaporegoldmart.com/home/customized_order/items/35/78.html]
[singaporegoldmart.com/uploads/cust_product_image/cust_product_79_1.jpg]
[singaporegoldmart.com/home/customized_order/items/35/79.html]
[singaporegoldmart.com/uploads/cust_product_image/cust_product_80_1.jpg]
[singaporegoldmart.com/home/customized_order/items/35/80.html]
[singaporegoldmart.com/uploads/cust_product_image/cust_product_81_1.jpg]
[singaporegoldmart.com/home/customized_order/items/35/81.html]
[singaporegoldmart.com/uploads/cust_product_image/cust_product_82_1.jpg]
[singaporegoldmart.com/home/customized_order/category/35.html]
[singaporegoldmart.com/home/customized_order/items/35/82.html]
[singaporegoldmart.com/home/customized_order/items/36/83.html]
[singaporegoldmart.com/uploads/cust_product_image/cust_product_83_1.jpg]
[singaporegoldmart.com/home/customized_order/items/36/84.html]
[singaporegoldmart.com/uploads/cust_product_image/cust_product_84_1.jpg]
[singaporegoldmart.com/uploads/cust_product_image/cust_product_85_1.jpg]
[singaporegoldmart.com/home/customized_order/items/36/85.html]
[singaporegoldmart.com/uploads/cust_product_image/cust_product_86_1.jpg]
[singaporegoldmart.com/home/customized_order/items/36/86.html]
[singaporegoldmart.com/uploads/cust_product_image/cust_product_87_1.jpg]
[singaporegoldmart.com/home/customized_order/items/36/87.html]
[singaporegoldmart.com/uploads/cust_product_image/cust_product_88_1.jpg]
[singaporegoldmart.com/home/customized_order/items/36/88.html]
[singaporegoldmart.com/uploads/cust_product_image/cust_product_89_1.jpg]
[singaporegoldmart.com/home/customized_order/items/36/89.html]
[singaporegoldmart.com/home/customized_order/items/36/90.html]
[singaporegoldmart.com/uploads/cust_product_image/cust_product_90_1.jpg]
[singaporegoldmart.com/uploads/cust_product_image/cust_product_91_1.jpg]
[singaporegoldmart.com/home/customized_order/items/36/91.html]
[singaporegoldmart.com/uploads/cust_product_image/cust_product_92_1.jpg]
[singaporegoldmart.com/home/customized_order/category/36.html]
[singaporegoldmart.com/home/customized_order/items/36/92.html]
[singaporegoldmart.com/uploads/cust_product_image/cust_product_65_1.jpg]
[singaporegoldmart.com/home/customized_order/items/37/65.html]
[singaporegoldmart.com/home/customized_order/items/37/66.html]
[singaporegoldmart.com/uploads/cust_product_image/cust_product_66_1.jpg]
[singaporegoldmart.com/home/customized_order/items/37/93.html]
[singaporegoldmart.com/uploads/cust_product_image/cust_product_93_1.jpg]
[singaporegoldmart.com/home/customized_order/items/37/94.html]
[singaporegoldmart.com/uploads/cust_product_image/cust_product_94_1.jpg]
[singaporegoldmart.com/uploads/cust_product_image/cust_product_95_1.jpg]
[singaporegoldmart.com/home/customized_order/items/37/95.html]
[singaporegoldmart.com/uploads/cust_product_image/cust_product_96_1.jpg]
[singaporegoldmart.com/home/customized_order/items/37/96.html]
[singaporegoldmart.com/home/customized_order/items/37/97.html]
[singaporegoldmart.com/uploads/cust_product_image/cust_product_97_1.jpg]
[singaporegoldmart.com/home/customized_order/items/37/98.html]
[singaporegoldmart.com/uploads/cust_product_image/cust_product_98_1.jpg]
[singaporegoldmart.com/uploads/cust_product_image/cust_product_99_1.jpg]
[singaporegoldmart.com/home/customized_order/items/37/99.html]
[singaporegoldmart.com/uploads/cust_product_image/cust_product_100_1.jpg]
[singaporegoldmart.com/home/customized_order/category/37.html]
[singaporegoldmart.com/home/customized_order/items/37/100.html]
[singaporegoldmart.com/uploads/cust_product_image/cust_product_101_1.jpg]
[singaporegoldmart.com/home/customized_order/items/38/101.html]
[singaporegoldmart.com/uploads/cust_product_image/cust_product_102_1.jpg]
[singaporegoldmart.com/home/customized_order/items/38/102.html]
[singaporegoldmart.com/uploads/cust_product_image/cust_product_103_1.jpg]
[singaporegoldmart.com/home/customized_order/items/38/103.html]
[singaporegoldmart.com/uploads/cust_product_image/cust_product_104_1.jpg]
[singaporegoldmart.com/home/customized_order/items/38/104.html]
[singaporegoldmart.com/uploads/cust_product_image/cust_product_105_1.jpg]
[singaporegoldmart.com/home/customized_order/items/38/105.html]
[singaporegoldmart.com/uploads/cust_product_image/cust_product_106_1.jpg]
[singaporegoldmart.com/home/customized_order/items/38/106.html]
[singaporegoldmart.com/home/customized_order/items/38/107.html]
[singaporegoldmart.com/uploads/cust_product_image/cust_product_107_1.jpg]
[singaporegoldmart.com/home/customized_order/items/38/108.html]
[singaporegoldmart.com/uploads/cust_product_image/cust_product_108_1.jpg]
[singaporegoldmart.com/home/customized_order/items/38/109.html]
[singaporegoldmart.com/uploads/cust_product_image/cust_product_109_1.jpg]
[singaporegoldmart.com/uploads/cust_product_image/cust_product_110_1.jpg]
[singaporegoldmart.com/home/customized_order/category/38.html]
[singaporegoldmart.com/home/customized_order/items/38/110.html]
[cdnjs.cloudflare.com/ajax/libs/nanogallery/5.10.3/css/font/nano_icon_font371db.eot]
[cdnjs.cloudflare.com/ajax/libs/nanogallery/5.10.3/css/font/nano_icon_font371db.woff]
[cdnjs.cloudflare.com/ajax/libs/nanogallery/5.10.3/css/font/nano_icon_font371db.ttf]
[cdnjs.cloudflare.com/ajax/libs/nanogallery/5.10.3/css/font/nano_icon_font371db.svg]
[cdnjs.cloudflare.com/ajax/libs/nanogallery/5.10.3/css/nanogallery.min.css]
[singaporegoldmart.com/home/login_set/registration.html]
[cdnjs.cloudflare.com/ajax/libs/nanogallery/5.10.3/css/loading.gif]
[singaporegoldmart.com/home/product_view/121.html]
[singaporegoldmart.com/template/front/js/share/images/social-icons.png]
[singaporegoldmart.com/template/front/js/share/jquery.share.css]
[singaporegoldmart.com/home/product_view/114.html]
[singaporegoldmart.com/home/product_view/120.html]
[singaporegoldmart.com/home/product_view/113.html]
[singaporegoldmart.com/home/product_view/118.html]
[singaporegoldmart.com/home/product_view/112.html]
[singaporegoldmart.com/home/product_view/117.html]
[singaporegoldmart.com/home/product_view/111.html]
[singaporegoldmart.com/home/product_view/116.html]
[singaporegoldmart.com/home/product_view/110.html]
[singaporegoldmart.com/uploads/product_image/product_108_1.jpg]
[singaporegoldmart.com/home/product_view/108.html]
[singaporegoldmart.com/uploads/product_image/product_108_2_thumb.jpg]
[singaporegoldmart.com/uploads/product_image/product_108_3_thumb.jpg]
[singaporegoldmart.com/uploads/product_image/product_108_4_thumb.jpg]
[singaporegoldmart.com/uploads/product_image/product_108_5_thumb.jpg]
[singaporegoldmart.com/home/product_view/108/L-RING-886230gm.html]
[singaporegoldmart.com/uploads/product_image/product_107_1.jpg]
[singaporegoldmart.com/home/product_view/107.html]
[singaporegoldmart.com/uploads/product_image/product_107_2_thumb.jpg]
[singaporegoldmart.com/uploads/product_image/product_107_3_thumb.jpg]
[singaporegoldmart.com/uploads/product_image/product_107_4_thumb.jpg]
[singaporegoldmart.com/uploads/product_image/product_107_5_thumb.jpg]
[singaporegoldmart.com/home/product_view/107/L-RING-885215gm.html]
[singaporegoldmart.com/uploads/product_image/product_106_1.jpg]
[singaporegoldmart.com/home/product_view/106.html]
[singaporegoldmart.com/uploads/product_image/product_106_2_thumb.jpg]
[singaporegoldmart.com/uploads/product_image/product_106_3_thumb.jpg]
[singaporegoldmart.com/uploads/product_image/product_106_4_thumb.jpg]
[singaporegoldmart.com/uploads/product_image/product_106_5_thumb.jpg]
[singaporegoldmart.com/home/product_view/106/L-RING-884230gm.html]
[singaporegoldmart.com/uploads/product_image/product_105_1.jpg]
[singaporegoldmart.com/uploads/product_image/product_105_2_thumb.jpg]
[singaporegoldmart.com/home/product_view/105.html]
[singaporegoldmart.com/uploads/product_image/product_105_3_thumb.jpg]
[singaporegoldmart.com/uploads/product_image/product_105_4_thumb.jpg]
[singaporegoldmart.com/uploads/product_image/product_105_5_thumb.jpg]
[singaporegoldmart.com/home/product_view/105/L-RING-883160gm.html]
[singaporegoldmart.com/uploads/product_image/product_104_1.jpg]
[singaporegoldmart.com/home/product_view/104.html]
[singaporegoldmart.com/uploads/product_image/product_104_2_thumb.jpg]
[singaporegoldmart.com/uploads/product_image/product_104_3_thumb.jpg]
[singaporegoldmart.com/uploads/product_image/product_104_4_thumb.jpg]
[singaporegoldmart.com/uploads/product_image/product_104_5_thumb.jpg]
[singaporegoldmart.com/home/product_view/104/L-RING-882210gm.html]
[singaporegoldmart.com/uploads/product_image/product_69_1.jpg]
[singaporegoldmart.com/home/product_view/69.html]
[singaporegoldmart.com/uploads/product_image/product_69_2_thumb.jpg]
[singaporegoldmart.com/uploads/product_image/product_69_3_thumb.jpg]
[singaporegoldmart.com/uploads/product_image/product_69_4_thumb.jpg]
[singaporegoldmart.com/uploads/product_image/product_69_5_thumb.jpg]
[singaporegoldmart.com/home/product_view/69/RUBY-DIAMOND-475353gm.html]
[singaporegoldmart.com/uploads/product_image/product_68_1.jpg]
[singaporegoldmart.com/home/product_view/68.html]
[singaporegoldmart.com/uploads/product_image/product_68_2_thumb.jpg]
[singaporegoldmart.com/uploads/product_image/product_68_3_thumb.jpg]
[singaporegoldmart.com/uploads/product_image/product_68_4_thumb.jpg]
[singaporegoldmart.com/uploads/product_image/product_68_5_thumb.jpg]
[singaporegoldmart.com/home/product_view/68/MOON-STONE-495432gm.html]
[singaporegoldmart.com/uploads/product_image/product_67_1.jpg]
[singaporegoldmart.com/home/product_view/67.html]
[singaporegoldmart.com/uploads/product_image/product_67_2_thumb.jpg]
[singaporegoldmart.com/uploads/product_image/product_67_3_thumb.jpg]
[singaporegoldmart.com/uploads/product_image/product_67_4_thumb.jpg]
[singaporegoldmart.com/uploads/product_image/product_67_5_thumb.jpg]
[singaporegoldmart.com/home/product_view/67/PEARL-WITH-DMND-470528gm.html]
[singaporegoldmart.com/uploads/product_image/product_66_1.jpg]
[singaporegoldmart.com/home/product_view/66.html]
[singaporegoldmart.com/uploads/product_image/product_66_2_thumb.jpg]
[singaporegoldmart.com/uploads/product_image/product_66_3_thumb.jpg]
[singaporegoldmart.com/uploads/product_image/product_66_4_thumb.jpg]
[singaporegoldmart.com/uploads/product_image/product_66_5_thumb.jpg]
[singaporegoldmart.com/home/product_view/66/PEARL-WITH-DMND-469300gm.html]
[singaporegoldmart.com/uploads/product_image/product_65_1.jpg]
[singaporegoldmart.com/home/product_view/65.html]
[singaporegoldmart.com/uploads/product_image/product_65_2_thumb.jpg]
[singaporegoldmart.com/uploads/product_image/product_65_3_thumb.jpg]
[singaporegoldmart.com/uploads/product_image/product_65_4_thumb.jpg]
[singaporegoldmart.com/uploads/product_image/product_65_5_thumb.jpg]
[singaporegoldmart.com/home/product_view/65/YELLOW-SAPPHIRE-484358gm.html]
[singaporegoldmart.com/uploads/product_image/product_64_1.jpg]
[singaporegoldmart.com/uploads/product_image/product_64_2_thumb.jpg]
[singaporegoldmart.com/home/product_view/64.html]
[singaporegoldmart.com/uploads/product_image/product_64_3_thumb.jpg]
[singaporegoldmart.com/uploads/product_image/product_64_4_thumb.jpg]
[singaporegoldmart.com/uploads/product_image/product_64_5_thumb.jpg]
[singaporegoldmart.com/home/product_view/64/GARNET-STONE-503361gm.html]
[singaporegoldmart.com/home/product_view/115.html]
[singaporegoldmart.com/home/product_view/109.html]
[singaporegoldmart.com/template/back/plugins/pace/pace.min.js]
[singaporegoldmart.com/uploads/logo_image/logo_81.png]
[singaporegoldmart.com/template/back/js/jquery-2.1.1.min.js]
[singaporegoldmart.com/template/back/js/bootstrap.min.js]
[singaporegoldmart.com/template/back/js/activeit.min.js]
[singaporegoldmart.com/template/back/js/demo/bg-images.js]
[singaporegoldmart.com/template/back/plugins/bootbox/bootbox.min.js]
[singaporegoldmart.com/template/back/js/ajax_login.js]
[singaporegoldmart.com/vendor.html]
[singaporegoldmart.com/uploads/cust_product_image/cust_product_164_1_thumb.jpg]
[singaporegoldmart.com/home/customized_order/items/40/164.html]
[singaporegoldmart.com/uploads/cust_product_image/cust_product_165_1_thumb.jpg]
[singaporegoldmart.com/home/customized_order/items/40/165.html]
[singaporegoldmart.com/uploads/cust_product_image/cust_product_157_1_thumb.jpg]
[singaporegoldmart.com/home/customized_order/items/40/157.html]
[singaporegoldmart.com/uploads/cust_product_image/cust_product_158_1_thumb.jpg]
[singaporegoldmart.com/home/customized_order/items/40/158.html]
[singaporegoldmart.com/uploads/cust_product_image/cust_product_159_1_thumb.jpg]
[singaporegoldmart.com/home/customized_order/items/40/159.html]
[singaporegoldmart.com/uploads/cust_product_image/cust_product_160_1_thumb.jpg]
[singaporegoldmart.com/home/customized_order/items/40/160.html]
[singaporegoldmart.com/uploads/cust_product_image/cust_product_161_1_thumb.jpg]
[singaporegoldmart.com/home/customized_order/items/40/161.html]
[singaporegoldmart.com/uploads/cust_product_image/cust_product_162_1_thumb.jpg]
[singaporegoldmart.com/home/customized_order/items/40/162.html]
[singaporegoldmart.com/uploads/cust_product_image/cust_product_163_1_thumb.jpg]
[singaporegoldmart.com/home/customized_order/items/40/163.html]
[singaporegoldmart.com/uploads/cust_product_image/cust_product_156_1_thumb.jpg]
[singaporegoldmart.com/home/customized_order/items/40/156.html]
[singaporegoldmart.com/uploads/cust_product_image/cust_product_119_1_thumb.jpg]
[singaporegoldmart.com/home/customized_order/items/25/119.html]
[singaporegoldmart.com/uploads/cust_product_image/cust_product_120_1_thumb.jpg]
[singaporegoldmart.com/home/customized_order/items/25/120.html]
[singaporegoldmart.com/uploads/cust_product_image/cust_product_121_1_thumb.jpg]
[singaporegoldmart.com/home/customized_order/items/25/121.html]
[singaporegoldmart.com/uploads/cust_product_image/cust_product_122_1_thumb.jpg]
[singaporegoldmart.com/home/customized_order/items/25/122.html]
[singaporegoldmart.com/uploads/cust_product_image/cust_product_123_1_thumb.jpg]
[singaporegoldmart.com/home/customized_order/items/25/123.html]
[singaporegoldmart.com/uploads/cust_product_image/cust_product_124_1_thumb.jpg]
[singaporegoldmart.com/home/customized_order/items/25/124.html]
[singaporegoldmart.com/uploads/cust_product_image/cust_product_125_1_thumb.jpg]
[singaporegoldmart.com/home/customized_order/items/25/125.html]
[singaporegoldmart.com/uploads/cust_product_image/cust_product_116_1_thumb.jpg]
[singaporegoldmart.com/home/customized_order/items/25/116.html]
[singaporegoldmart.com/uploads/cust_product_image/cust_product_117_1_thumb.jpg]
[singaporegoldmart.com/home/customized_order/items/25/117.html]
[singaporegoldmart.com/uploads/cust_product_image/cust_product_118_1_thumb.jpg]
[singaporegoldmart.com/home/customized_order/items/25/118.html]
[singaporegoldmart.com/uploads/cust_product_image/cust_product_131_1_thumb.jpg]
[singaporegoldmart.com/home/customized_order/items/28/131.html]
[singaporegoldmart.com/uploads/cust_product_image/cust_product_132_1_thumb.jpg]
[singaporegoldmart.com/home/customized_order/items/28/132.html]
[singaporegoldmart.com/uploads/cust_product_image/cust_product_133_1_thumb.jpg]
[singaporegoldmart.com/home/customized_order/items/28/133.html]
[singaporegoldmart.com/uploads/cust_product_image/cust_product_134_1_thumb.jpg]
[singaporegoldmart.com/home/customized_order/items/28/134.html]
[singaporegoldmart.com/uploads/cust_product_image/cust_product_135_1_thumb.jpg]
[singaporegoldmart.com/home/customized_order/items/28/135.html]
[singaporegoldmart.com/uploads/cust_product_image/cust_product_126_1_thumb.jpg]
[singaporegoldmart.com/home/customized_order/items/28/126.html]
[singaporegoldmart.com/uploads/cust_product_image/cust_product_127_1_thumb.jpg]
[singaporegoldmart.com/home/customized_order/items/28/127.html]
[singaporegoldmart.com/uploads/cust_product_image/cust_product_128_1_thumb.jpg]
[singaporegoldmart.com/home/customized_order/items/28/128.html]
[singaporegoldmart.com/uploads/cust_product_image/cust_product_129_1_thumb.jpg]
[singaporegoldmart.com/home/customized_order/items/28/129.html]
[singaporegoldmart.com/uploads/cust_product_image/cust_product_130_1_thumb.jpg]
[singaporegoldmart.com/home/customized_order/items/28/130.html]
[singaporegoldmart.com/uploads/cust_product_image/cust_product_144_1_thumb.jpg]
[singaporegoldmart.com/home/customized_order/items/29/144.html]
[singaporegoldmart.com/uploads/cust_product_image/cust_product_145_1_thumb.jpg]
[singaporegoldmart.com/home/customized_order/items/29/145.html]
[singaporegoldmart.com/uploads/cust_product_image/cust_product_138_1_thumb.jpg]
[singaporegoldmart.com/home/customized_order/items/29/138.html]
[singaporegoldmart.com/uploads/cust_product_image/cust_product_139_1_thumb.jpg]
[singaporegoldmart.com/home/customized_order/items/29/139.html]
[singaporegoldmart.com/uploads/cust_product_image/cust_product_140_1_thumb.jpg]
[singaporegoldmart.com/home/customized_order/items/29/140.html]
[singaporegoldmart.com/uploads/cust_product_image/cust_product_141_1_thumb.jpg]
[singaporegoldmart.com/home/customized_order/items/29/141.html]
[singaporegoldmart.com/uploads/cust_product_image/cust_product_142_1_thumb.jpg]
[singaporegoldmart.com/home/customized_order/items/29/142.html]
[singaporegoldmart.com/uploads/cust_product_image/cust_product_143_1_thumb.jpg]
[singaporegoldmart.com/home/customized_order/items/29/143.html]
[singaporegoldmart.com/uploads/cust_product_image/cust_product_136_1_thumb.jpg]
[singaporegoldmart.com/home/customized_order/items/29/136.html]
[singaporegoldmart.com/uploads/cust_product_image/cust_product_137_1_thumb.jpg]
[singaporegoldmart.com/home/customized_order/items/29/137.html]
[singaporegoldmart.com/uploads/cust_product_image/cust_product_31_1_thumb.jpg]
[singaporegoldmart.com/home/customized_order/items/31/31.html]
[singaporegoldmart.com/uploads/cust_product_image/cust_product_32_1_thumb.jpg]
[singaporegoldmart.com/home/customized_order/items/31/32.html]
[singaporegoldmart.com/uploads/cust_product_image/cust_product_33_1_thumb.jpg]
[singaporegoldmart.com/home/customized_order/items/31/33.html]
[singaporegoldmart.com/uploads/cust_product_image/cust_product_34_1_thumb.jpg]
[singaporegoldmart.com/home/customized_order/items/31/34.html]
[singaporegoldmart.com/uploads/cust_product_image/cust_product_35_1_thumb.jpg]
[singaporegoldmart.com/home/customized_order/items/31/35.html]
[singaporegoldmart.com/uploads/cust_product_image/cust_product_36_1_thumb.jpg]
[singaporegoldmart.com/home/customized_order/items/31/36.html]
[singaporegoldmart.com/uploads/cust_product_image/cust_product_37_1_thumb.jpg]
[singaporegoldmart.com/home/customized_order/items/31/37.html]
[singaporegoldmart.com/uploads/cust_product_image/cust_product_38_1_thumb.jpg]
[singaporegoldmart.com/home/customized_order/items/31/38.html]
[singaporegoldmart.com/uploads/cust_product_image/cust_product_39_1_thumb.jpg]
[singaporegoldmart.com/home/customized_order/items/31/39.html]
[singaporegoldmart.com/uploads/cust_product_image/cust_product_40_1_thumb.jpg]
[singaporegoldmart.com/home/customized_order/items/31/40.html]
[singaporegoldmart.com/uploads/cust_product_image/cust_product_152_1_thumb.jpg]
[singaporegoldmart.com/home/customized_order/items/39/152.html]
[singaporegoldmart.com/uploads/cust_product_image/cust_product_153_1_thumb.jpg]
[singaporegoldmart.com/home/customized_order/items/39/153.html]
[singaporegoldmart.com/uploads/cust_product_image/cust_product_154_1_thumb.jpg]
[singaporegoldmart.com/home/customized_order/items/39/154.html]
[singaporegoldmart.com/uploads/cust_product_image/cust_product_155_1_thumb.jpg]
[singaporegoldmart.com/home/customized_order/items/39/155.html]
[singaporegoldmart.com/uploads/cust_product_image/cust_product_149_1_thumb.jpg]
[singaporegoldmart.com/home/customized_order/items/39/149.html]
[singaporegoldmart.com/uploads/cust_product_image/cust_product_150_1_thumb.jpg]
[singaporegoldmart.com/home/customized_order/items/39/150.html]
[singaporegoldmart.com/uploads/cust_product_image/cust_product_151_1_thumb.jpg]
[singaporegoldmart.com/home/customized_order/items/39/151.html]
[singaporegoldmart.com/uploads/cust_product_image/cust_product_146_1_thumb.jpg]
[singaporegoldmart.com/home/customized_order/items/39/146.html]
[singaporegoldmart.com/uploads/cust_product_image/cust_product_147_1_thumb.jpg]
[singaporegoldmart.com/home/customized_order/items/39/147.html]
[singaporegoldmart.com/uploads/cust_product_image/cust_product_148_1_thumb.jpg]
[singaporegoldmart.com/home/customized_order/items/39/148.html]
[singaporegoldmart.com/uploads/cust_product_image/cust_product_41_1_thumb.jpg]
[singaporegoldmart.com/home/customized_order/items/32/41.html]
[singaporegoldmart.com/uploads/cust_product_image/cust_product_42_1_thumb.jpg]
[singaporegoldmart.com/home/customized_order/items/32/42.html]
[singaporegoldmart.com/uploads/cust_product_image/cust_product_43_1_thumb.jpg]
[singaporegoldmart.com/home/customized_order/items/32/43.html]
[singaporegoldmart.com/uploads/cust_product_image/cust_product_44_1_thumb.jpg]
[singaporegoldmart.com/home/customized_order/items/32/44.html]
[singaporegoldmart.com/uploads/cust_product_image/cust_product_45_1_thumb.jpg]
[singaporegoldmart.com/home/customized_order/items/32/45.html]
[singaporegoldmart.com/uploads/cust_product_image/cust_product_46_1_thumb.jpg]
[singaporegoldmart.com/home/customized_order/items/32/46.html]
[singaporegoldmart.com/uploads/cust_product_image/cust_product_47_1_thumb.jpg]
[singaporegoldmart.com/home/customized_order/items/32/47.html]
[singaporegoldmart.com/uploads/cust_product_image/cust_product_48_1_thumb.jpg]
[singaporegoldmart.com/home/customized_order/items/32/48.html]
[singaporegoldmart.com/uploads/cust_product_image/cust_product_49_1_thumb.jpg]
[singaporegoldmart.com/home/customized_order/items/32/49.html]
[singaporegoldmart.com/uploads/cust_product_image/cust_product_50_1_thumb.jpg]
[singaporegoldmart.com/home/customized_order/items/32/50.html]
[singaporegoldmart.com/uploads/cust_product_image/cust_product_51_1_thumb.jpg]
[singaporegoldmart.com/home/customized_order/items/33/51.html]
[singaporegoldmart.com/uploads/cust_product_image/cust_product_52_1_thumb.jpg]
[singaporegoldmart.com/home/customized_order/items/33/52.html]
[singaporegoldmart.com/uploads/cust_product_image/cust_product_53_1_thumb.jpg]
[singaporegoldmart.com/home/customized_order/items/33/53.html]
[singaporegoldmart.com/uploads/cust_product_image/cust_product_54_1_thumb.jpg]
[singaporegoldmart.com/home/customized_order/items/33/54.html]
[singaporegoldmart.com/uploads/cust_product_image/cust_product_55_1_thumb.jpg]
[singaporegoldmart.com/home/customized_order/items/33/55.html]
[singaporegoldmart.com/uploads/cust_product_image/cust_product_56_1_thumb.jpg]
[singaporegoldmart.com/home/customized_order/items/33/56.html]
[singaporegoldmart.com/uploads/cust_product_image/cust_product_57_1_thumb.jpg]
[singaporegoldmart.com/home/customized_order/items/33/57.html]
[singaporegoldmart.com/uploads/cust_product_image/cust_product_58_1_thumb.jpg]
[singaporegoldmart.com/home/customized_order/items/33/58.html]
[singaporegoldmart.com/uploads/cust_product_image/cust_product_59_1_thumb.jpg]
[singaporegoldmart.com/home/customized_order/items/33/59.html]
[singaporegoldmart.com/uploads/cust_product_image/cust_product_60_1_thumb.jpg]
[singaporegoldmart.com/home/customized_order/items/33/60.html]
[singaporegoldmart.com/uploads/cust_product_image/cust_product_61_1_thumb.jpg]
[singaporegoldmart.com/home/customized_order/items/34/61.html]
[singaporegoldmart.com/uploads/cust_product_image/cust_product_62_1_thumb.jpg]
[singaporegoldmart.com/home/customized_order/items/34/62.html]
[singaporegoldmart.com/uploads/cust_product_image/cust_product_67_1_thumb.jpg]
[singaporegoldmart.com/home/customized_order/items/34/67.html]
[singaporegoldmart.com/uploads/cust_product_image/cust_product_68_1_thumb.jpg]
[singaporegoldmart.com/home/customized_order/items/34/68.html]
[singaporegoldmart.com/uploads/cust_product_image/cust_product_69_1_thumb.jpg]
[singaporegoldmart.com/home/customized_order/items/34/69.html]
[singaporegoldmart.com/uploads/cust_product_image/cust_product_70_1_thumb.jpg]
[singaporegoldmart.com/home/customized_order/items/34/70.html]
[singaporegoldmart.com/uploads/cust_product_image/cust_product_71_1_thumb.jpg]
[singaporegoldmart.com/home/customized_order/items/34/71.html]
[singaporegoldmart.com/uploads/cust_product_image/cust_product_72_1_thumb.jpg]
[singaporegoldmart.com/home/customized_order/items/34/72.html]
[singaporegoldmart.com/uploads/cust_product_image/cust_product_73_1_thumb.jpg]
[singaporegoldmart.com/home/customized_order/items/34/73.html]
[singaporegoldmart.com/uploads/cust_product_image/cust_product_74_1_thumb.jpg]
[singaporegoldmart.com/home/customized_order/items/34/74.html]
[singaporegoldmart.com/uploads/cust_product_image/cust_product_63_1_thumb.jpg]
[singaporegoldmart.com/home/customized_order/items/35/63.html]
[singaporegoldmart.com/uploads/cust_product_image/cust_product_64_1_thumb.jpg]
[singaporegoldmart.com/home/customized_order/items/35/64.html]
[singaporegoldmart.com/uploads/cust_product_image/cust_product_75_1_thumb.jpg]
[singaporegoldmart.com/home/customized_order/items/35/75.html]
[singaporegoldmart.com/uploads/cust_product_image/cust_product_76_1_thumb.jpg]
[singaporegoldmart.com/home/customized_order/items/35/76.html]
[singaporegoldmart.com/uploads/cust_product_image/cust_product_77_1_thumb.jpg]
[singaporegoldmart.com/home/customized_order/items/35/77.html]
[singaporegoldmart.com/uploads/cust_product_image/cust_product_78_1_thumb.jpg]
[singaporegoldmart.com/home/customized_order/items/35/78.html]
[singaporegoldmart.com/uploads/cust_product_image/cust_product_79_1_thumb.jpg]
[singaporegoldmart.com/home/customized_order/items/35/79.html]
[singaporegoldmart.com/uploads/cust_product_image/cust_product_80_1_thumb.jpg]
[singaporegoldmart.com/home/customized_order/items/35/80.html]
[singaporegoldmart.com/uploads/cust_product_image/cust_product_81_1_thumb.jpg]
[singaporegoldmart.com/home/customized_order/items/35/81.html]
[singaporegoldmart.com/uploads/cust_product_image/cust_product_82_1_thumb.jpg]
[singaporegoldmart.com/home/customized_order/items/35/82.html]
[singaporegoldmart.com/uploads/cust_product_image/cust_product_83_1_thumb.jpg]
[singaporegoldmart.com/home/customized_order/items/36/83.html]
[singaporegoldmart.com/uploads/cust_product_image/cust_product_84_1_thumb.jpg]
[singaporegoldmart.com/home/customized_order/items/36/84.html]
[singaporegoldmart.com/uploads/cust_product_image/cust_product_85_1_thumb.jpg]
[singaporegoldmart.com/home/customized_order/items/36/85.html]
[singaporegoldmart.com/uploads/cust_product_image/cust_product_86_1_thumb.jpg]
[singaporegoldmart.com/home/customized_order/items/36/86.html]
[singaporegoldmart.com/uploads/cust_product_image/cust_product_87_1_thumb.jpg]
[singaporegoldmart.com/home/customized_order/items/36/87.html]
[singaporegoldmart.com/uploads/cust_product_image/cust_product_88_1_thumb.jpg]
[singaporegoldmart.com/home/customized_order/items/36/88.html]
[singaporegoldmart.com/uploads/cust_product_image/cust_product_89_1_thumb.jpg]
[singaporegoldmart.com/home/customized_order/items/36/89.html]
[singaporegoldmart.com/uploads/cust_product_image/cust_product_90_1_thumb.jpg]
[singaporegoldmart.com/home/customized_order/items/36/90.html]
[singaporegoldmart.com/uploads/cust_product_image/cust_product_91_1_thumb.jpg]
[singaporegoldmart.com/home/customized_order/items/36/91.html]
[singaporegoldmart.com/uploads/cust_product_image/cust_product_92_1_thumb.jpg]
[singaporegoldmart.com/home/customized_order/items/36/92.html]
[singaporegoldmart.com/uploads/cust_product_image/cust_product_65_1_thumb.jpg]
[singaporegoldmart.com/home/customized_order/items/37/65.html]
[singaporegoldmart.com/uploads/cust_product_image/cust_product_66_1_thumb.jpg]
[singaporegoldmart.com/home/customized_order/items/37/66.html]
[singaporegoldmart.com/uploads/cust_product_image/cust_product_93_1_thumb.jpg]
[singaporegoldmart.com/home/customized_order/items/37/93.html]
[singaporegoldmart.com/uploads/cust_product_image/cust_product_94_1_thumb.jpg]
[singaporegoldmart.com/home/customized_order/items/37/94.html]
[singaporegoldmart.com/uploads/cust_product_image/cust_product_95_1_thumb.jpg]
[singaporegoldmart.com/home/customized_order/items/37/95.html]
[singaporegoldmart.com/uploads/cust_product_image/cust_product_96_1_thumb.jpg]
[singaporegoldmart.com/home/customized_order/items/37/96.html]
[singaporegoldmart.com/uploads/cust_product_image/cust_product_97_1_thumb.jpg]
[singaporegoldmart.com/home/customized_order/items/37/97.html]
[singaporegoldmart.com/uploads/cust_product_image/cust_product_98_1_thumb.jpg]
[singaporegoldmart.com/home/customized_order/items/37/98.html]
[singaporegoldmart.com/uploads/cust_product_image/cust_product_99_1_thumb.jpg]
[singaporegoldmart.com/home/customized_order/items/37/99.html]
[singaporegoldmart.com/uploads/cust_product_image/cust_product_100_1_thumb.jpg]
[singaporegoldmart.com/home/customized_order/items/37/100.html]
[singaporegoldmart.com/uploads/cust_product_image/cust_product_101_1_thumb.jpg]
[singaporegoldmart.com/home/customized_order/items/38/101.html]
[singaporegoldmart.com/uploads/cust_product_image/cust_product_102_1_thumb.jpg]
[singaporegoldmart.com/home/customized_order/items/38/102.html]
[singaporegoldmart.com/uploads/cust_product_image/cust_product_103_1_thumb.jpg]
[singaporegoldmart.com/home/customized_order/items/38/103.html]
[singaporegoldmart.com/uploads/cust_product_image/cust_product_104_1_thumb.jpg]
[singaporegoldmart.com/home/customized_order/items/38/104.html]
[singaporegoldmart.com/uploads/cust_product_image/cust_product_105_1_thumb.jpg]
[singaporegoldmart.com/home/customized_order/items/38/105.html]
[singaporegoldmart.com/uploads/cust_product_image/cust_product_106_1_thumb.jpg]
[singaporegoldmart.com/home/customized_order/items/38/106.html]
[singaporegoldmart.com/uploads/cust_product_image/cust_product_107_1_thumb.jpg]
[singaporegoldmart.com/home/customized_order/items/38/107.html]
[singaporegoldmart.com/uploads/cust_product_image/cust_product_108_1_thumb.jpg]
[singaporegoldmart.com/home/customized_order/items/38/108.html]
[singaporegoldmart.com/uploads/cust_product_image/cust_product_109_1_thumb.jpg]
[singaporegoldmart.com/home/customized_order/items/38/109.html]
[singaporegoldmart.com/uploads/cust_product_image/cust_product_110_1_thumb.jpg]
[singaporegoldmart.com/home/customized_order/items/38/110.html]
[cdnjs.cloudflare.com/ajax/libs/nanogallery/5.10.3/css/font/nano_icon_font371db.svg]
[singaporegoldmart.com/home/product_view/108.html]
[singaporegoldmart.com/home/product_view/107.html]
[singaporegoldmart.com/home/product_view/106.html]
[singaporegoldmart.com/home/product_view/105.html]
[singaporegoldmart.com/home/product_view/104.html]
[singaporegoldmart.com/home/product_view/69.html]
[singaporegoldmart.com/home/product_view/68.html]
[singaporegoldmart.com/home/product_view/67.html]
[singaporegoldmart.com/home/product_view/66.html]
[singaporegoldmart.com/home/product_view/65.html]
[singaporegoldmart.com/home/product_view/64.html]
[singaporegoldmart.com/template/back/fonts/glyphicons-halflings-regular.html]
[singaporegoldmart.com/template/back/fonts/glyphicons-halflings-regulard41d.html]
[singaporegoldmart.com/template/back/fonts/glyphicons-halflings-regular-2.html]
[singaporegoldmart.com/template/back/fonts/glyphicons-halflings-regular-3.html]
[singaporegoldmart.com/template/back/css/bootstrap.min.css]
[singaporegoldmart.com/template/back/css/activeit.min.css]
[singaporegoldmart.com/template/back/fonts/glyphicons-halflings-regular-4.html]
[singaporegoldmart.com/template/back/plugins/font-awesome/fonts/fontawesome-webfont93e3.eot]
[singaporegoldmart.com/template/back/plugins/font-awesome/fonts/fontawesome-webfontd41d.eot]
[singaporegoldmart.com/template/back/plugins/font-awesome/fonts/fontawesome-webfont93e3.woff2]
[singaporegoldmart.com/template/back/plugins/font-awesome/fonts/fontawesome-webfont93e3.woff]
[singaporegoldmart.com/template/back/plugins/font-awesome/fonts/fontawesome-webfont93e3.ttf]
[singaporegoldmart.com/template/back/plugins/font-awesome/css/font-awesome.min.css]
[singaporegoldmart.com/template/back/img/bg-img/bg-img-2.jpg]
[singaporegoldmart.com/template/back/css/demo/activeit-demo.min.css]
[singaporegoldmart.com/template/back/plugins/pace/pace.min.css]
[goldgiftcenter.com/draft/uploads/others/sold.png]
[singaporegoldmart.com/template/back/fonts/glyphicons-halflings-regular.html]
[singaporegoldmart.com/template/back/fonts/glyphicons-halflings-regulard41d.html]
[singaporegoldmart.com/template/back/fonts/glyphicons-halflings-regular-2.html]
[singaporegoldmart.com/template/back/fonts/glyphicons-halflings-regular-3.html]
[singaporegoldmart.com/template/back/fonts/glyphicons-halflings-regular-4.html]
[singaporegoldmart.com/template/back/plugins/font-awesome/fonts/fontawesome-webfont93e3.svg]
